#-----------------------------------------------------------
# Vivado v2024.2 (64-bit)
# SW Build 5239630 on Fri Nov 08 22:35:27 MST 2024
# IP Build 5239520 on Sun Nov 10 16:12:51 MST 2024
# SharedData Build 5239561 on Fri Nov 08 14:39:27 MST 2024
# Start of session at: Thu Apr 23 11:07:08 2026
# Process ID         : 16156
# Current directory  : C:/Users/l846k503.HOME/Desktop/lab12/lab12.runs/impl_1
# Command line       : vivado.exe -log D_Latch.vdi -applog -product Vivado -messageDb vivado.pb -mode batch -source D_Latch.tcl -notrace
# Log file           : C:/Users/l846k503.HOME/Desktop/lab12/lab12.runs/impl_1/D_Latch.vdi
# Journal file       : C:/Users/l846k503.HOME/Desktop/lab12/lab12.runs/impl_1\vivado.jou
# Running On         : ENGR-G8DHVD3
# Platform           : Windows Server 2016 or Windows 10
# Operating System   : 26200
# Processor Detail   : 11th Gen Intel(R) Core(TM) i7-11700 @ 2.50GHz
# CPU Frequency      : 2496 MHz
# CPU Physical cores : 8
# CPU Logical cores  : 16
# Host memory        : 16887 MB
# Swap memory        : 2550 MB
# Total Virtual      : 19437 MB
# Available Virtual  : 4374 MB
#-----------------------------------------------------------
source D_Latch.tcl -notrace
